<?xml version="1.0" encoding="UTF-8"?>
<!-- default namespace for elements: cgn -->
<root xmlns="https://github.com/fourier/cgn"
      xmlns:cgn="https://github.com/fourier/cgn"
      xmlns:jcgn="https://github.com/fourier/cgn/java"><!-- this test tests the 1st java transformation phase:
       verification of the predefined attribute values
       correctness and transformation them to the
       same form
  --><!-- verifying the following attributes:
       jcgn:builder
       jcgn:parcelable
       jcgn:date-type
       possible values: case-insensitive true/false or yes/no
       all other values generate warning and interpreted as false
       for jcgn:date possible values are case-insensivite 'java' and 'joda'.
       all other values are interpreted as 'java'
  --><!-- verifying on a objects level, input: invalid -->
   <objects cgn:package="com.test.java.phase1.objects.level.wrong"
            jcgn:builder="false"
            jcgn:parcelable="false"
            jcgn:date-type="java"
            cgn:copyright=""
            cgn:author=""
            cgn:read-only="false"
            cgn:json="false"
            cgn:is-set="false">
      <object cgn:name="Test1"
              cgn:copyright=""
              cgn:author=""
              cgn:package="com.test.java.phase1.objects.level.wrong"
              cgn:read-only="false"
              cgn:json="false"
              cgn:is-set="false">
         <field cgn:name="some-field" cgn:type="string"/>
      </object>
   </objects>
   <!-- verifying on a objects level, input: case-insensitive -->
   <objects cgn:package="com.test.java.phase1.objects.level.true.false.java"
            jcgn:builder="true"
            jcgn:parcelable="false"
            jcgn:date-type="java"
            cgn:copyright=""
            cgn:author=""
            cgn:read-only="false"
            cgn:json="false"
            cgn:is-set="false">
      <object cgn:name="Test1"
              cgn:copyright=""
              cgn:author=""
              cgn:package="com.test.java.phase1.objects.level.true.false.java"
              cgn:read-only="false"
              cgn:json="false"
              cgn:is-set="false">
         <field cgn:name="some-field" cgn:type="string"/>
      </object>
   </objects>
   <!-- verifying on a object level, input: invalid -->
   <objects cgn:package="com.test.java.phase1.object.level.wrong"
            cgn:copyright=""
            cgn:author=""
            cgn:read-only="false"
            cgn:json="false"
            cgn:is-set="false">
      <object cgn:name="Test1"
              jcgn:builder="false"
              cgn:copyright=""
              cgn:author=""
              cgn:package="com.test.java.phase1.object.level.wrong"
              cgn:read-only="false"
              cgn:json="false"
              cgn:is-set="false">
         <field cgn:name="some-field" cgn:type="string"/>
      </object>
      <object cgn:name="Test2"
              jcgn:parcelable="false"
              cgn:copyright=""
              cgn:author=""
              cgn:package="com.test.java.phase1.object.level.wrong"
              cgn:read-only="false"
              cgn:json="false"
              cgn:is-set="false">
         <field cgn:name="some-field" cgn:type="string"/>
      </object>
      <object cgn:name="Test3"
              jcgn:date-type="java"
              cgn:copyright=""
              cgn:author=""
              cgn:package="com.test.java.phase1.object.level.wrong"
              cgn:read-only="false"
              cgn:json="false"
              cgn:is-set="false">
         <field cgn:name="some-field" cgn:type="string"/>
      </object>
   </objects>
   <!-- verifying on a objects and field(for date-type) level,
       input: case-insensitive
  -->
   <objects cgn:package="com.test.phase1.object.level.true.false"
            cgn:copyright=""
            cgn:author=""
            cgn:read-only="false"
            cgn:json="false"
            cgn:is-set="false">
      <object cgn:name="Test1"
              jcgn:builder="true"
              cgn:copyright=""
              cgn:author=""
              cgn:package="com.test.phase1.object.level.true.false"
              cgn:read-only="false"
              cgn:json="false"
              cgn:is-set="false">
         <field cgn:name="some-field" cgn:type="string"/>
      </object>
      <object cgn:name="Test2"
              jcgn:parcelable="false"
              cgn:copyright=""
              cgn:author=""
              cgn:package="com.test.phase1.object.level.true.false"
              cgn:read-only="false"
              cgn:json="false"
              cgn:is-set="false">
         <field cgn:name="some-field" cgn:type="string"/>
      </object>
      <object cgn:name="Test3"
              jcgn:date-type="joda"
              cgn:copyright=""
              cgn:author=""
              cgn:package="com.test.phase1.object.level.true.false"
              cgn:read-only="false"
              cgn:json="false"
              cgn:is-set="false">
         <field cgn:name="some-field" cgn:type="string"/>
      </object>
      <object cgn:name="Test4"
              jcgn:date-type="java"
              cgn:copyright=""
              cgn:author=""
              cgn:package="com.test.phase1.object.level.true.false"
              cgn:read-only="false"
              cgn:json="false"
              cgn:is-set="false">
         <field cgn:name="some-field" cgn:type="string"/>
      </object>
      <object cgn:name="Test5"
              cgn:copyright=""
              cgn:author=""
              cgn:package="com.test.phase1.object.level.true.false"
              cgn:read-only="false"
              cgn:json="false"
              cgn:is-set="false">
         <field cgn:name="some-field" jcgn:date-type="joda" cgn:type="string"/>
      </object>
   </objects>
</root>
